[edit-workbench +1.6s] START provenance: Edit carries the SELECTED image's parameters, not the Create form
[edit-workbench +2.8s] PASS provenance: Edit carries the SELECTED image's parameters, not the Create form (1191 ms)
[edit-workbench +2.8s] START privacy on: stored prompt is recalled; different image → its own values
[edit-workbench +3.6s] PASS privacy on: stored prompt is recalled; different image → its own values (723 ms)
[edit-workbench +3.6s] START img2img: real click sends the request, shows queue/wait/real step progress, resolves the canonical result
[edit-workbench +9.3s] PASS img2img: real click sends the request, shows queue/wait/real step progress, resolves the canonical result (5780 ms)
[edit-workbench +9.3s] START failures are visible with stage + actual error; polling loss offers a safe retry
[edit-workbench +19.9s] PASS failures are visible with stage + actual error; polling loss offers a safe retry (10595 ms)
[edit-workbench +19.9s] START Run never fails silently: blocked state explains itself and click surfaces the reason
[edit-workbench +20.9s] PASS Run never fails silently: blocked state explains itself and click surfaces the reason (917 ms)
[edit-workbench +20.9s] START inpaint alignment (fx-square.png): full image at Fit, strokes land on intended source pixels, zoom/pan keep them, backend mask matches
[edit-workbench +22.4s] PASS inpaint alignment (fx-square.png): full image at Fit, strokes land on intended source pixels, zoom/pan keep them, backend mask matches (1575 ms)
[edit-workbench +22.4s] START inpaint alignment (fx-landscape.png): full image at Fit, strokes land on intended source pixels, zoom/pan keep them, backend mask matches
[edit-workbench +23.9s] PASS inpaint alignment (fx-landscape.png): full image at Fit, strokes land on intended source pixels, zoom/pan keep them, backend mask matches (1509 ms)
[edit-workbench +23.9s] START inpaint alignment (fx-portrait.png): full image at Fit, strokes land on intended source pixels, zoom/pan keep them, backend mask matches
[edit-workbench +25.3s] PASS inpaint alignment (fx-portrait.png): full image at Fit, strokes land on intended source pixels, zoom/pan keep them, backend mask matches (1402 ms)
[edit-workbench +25.3s] START fullscreen: sources/results/library open the viewer; Esc closes; inpaint canvas never does
[edit-workbench +28.7s] PASS fullscreen: sources/results/library open the viewer; Esc closes; inpaint canvas never does (3397 ms)
[edit-workbench +28.7s] START Create output hero image opens fullscreen
[edit-workbench +30.1s] PASS Create output hero image opens fullscreen (1366 ms)
[edit-workbench +30.1s] START Detailer: preview/run use the selected targets, empty result is explained, stale preview is dropped, mask goes to inpaint untouched
[edit-workbench +33.1s] PASS Detailer: preview/run use the selected targets, empty result is explained, stale preview is dropped, mask goes to inpaint untouched (3006 ms)
[edit-workbench +33.1s] START every screen renders in all three shell layouts without script errors (incl. Drama/Voice/Edit)
[edit-workbench +39.0s] PASS every screen renders in all three shell layouts without script errors (incl. Drama/Voice/Edit) (5847 ms)
[edit-workbench +39.0s] START both Edit layouts render the SAME state; preference persists
[edit-workbench +40.8s] PASS both Edit layouts render the SAME state; preference persists (1846 ms)
[edit-workbench +40.8s] START resources: LoRAs visible in Create and Edit, weight changes are structured, incompatible ones excluded
[edit-workbench +42.4s] PASS resources: LoRAs visible in Create and Edit, weight changes are structured, incompatible ones excluded (1550 ms)
[edit-workbench +42.4s] START model picker: concise, grouped, searchable
[edit-workbench +43.5s] PASS model picker: concise, grouped, searchable (1169 ms)
[edit-workbench +43.5s] START presets: per-operation, versioned, privacy-aware, legacy migrated
[edit-workbench +44.9s] PASS presets: per-operation, versioned, privacy-aware, legacy migrated (1346 ms)
[edit-workbench +44.9s] START Detailer dialog traps focus, closes with Escape, and restores the opener
[edit-workbench +47.8s] PASS Detailer dialog traps focus, closes with Escape, and restores the opener (2893 ms)
[edit-workbench +47.8s] START Detailer keeps truthful job progress visible until the canonical result is ready
[edit-workbench +55.0s] PASS Detailer keeps truthful job progress visible until the canonical result is ready (7212 ms)
[edit-workbench +55.0s] START responsive @375px: no horizontal overflow on Create/Edit/Library
[edit-workbench +56.8s] PASS responsive @375px: no horizontal overflow on Create/Edit/Library (1795 ms)
[edit-workbench +56.8s] START responsive @768px: no horizontal overflow on Create/Edit/Library
[edit-workbench +58.8s] PASS responsive @768px: no horizontal overflow on Create/Edit/Library (2044 ms)
[edit-workbench +58.8s] START responsive @1280px: no horizontal overflow on Create/Edit/Library
[edit-workbench +60.5s] PASS responsive @1280px: no horizontal overflow on Create/Edit/Library (1650 ms)

21/21 browser checks passed
