[edit-workbench +1.3s] START provenance: Edit carries the SELECTED image's parameters, not the Create form
[edit-workbench +3.0s] PASS provenance: Edit carries the SELECTED image's parameters, not the Create form (1718 ms)
[edit-workbench +3.0s] START privacy on: stored prompt is recalled; different image → its own values
[edit-workbench +4.0s] PASS privacy on: stored prompt is recalled; different image → its own values (1020 ms)
[edit-workbench +4.0s] START img2img: real click sends the request, shows queue/wait/real step progress, resolves the canonical result
[edit-workbench +9.8s] PASS img2img: real click sends the request, shows queue/wait/real step progress, resolves the canonical result (5802 ms)
[edit-workbench +9.8s] START failures are visible with stage + actual error; polling loss offers a safe retry
[edit-workbench +19.7s] PASS failures are visible with stage + actual error; polling loss offers a safe retry (9918 ms)
[edit-workbench +19.7s] START Run never fails silently: blocked state explains itself and click surfaces the reason
[edit-workbench +20.9s] PASS Run never fails silently: blocked state explains itself and click surfaces the reason (1226 ms)
[edit-workbench +20.9s] START inpaint alignment (fx-square.png): full image at Fit, strokes land on intended source pixels, zoom/pan keep them, backend mask matches
[edit-workbench +22.4s] PASS inpaint alignment (fx-square.png): full image at Fit, strokes land on intended source pixels, zoom/pan keep them, backend mask matches (1483 ms)
[edit-workbench +22.4s] START inpaint alignment (fx-landscape.png): full image at Fit, strokes land on intended source pixels, zoom/pan keep them, backend mask matches
[edit-workbench +24.1s] PASS inpaint alignment (fx-landscape.png): full image at Fit, strokes land on intended source pixels, zoom/pan keep them, backend mask matches (1656 ms)
[edit-workbench +24.1s] START inpaint alignment (fx-portrait.png): full image at Fit, strokes land on intended source pixels, zoom/pan keep them, backend mask matches
[edit-workbench +25.7s] PASS inpaint alignment (fx-portrait.png): full image at Fit, strokes land on intended source pixels, zoom/pan keep them, backend mask matches (1626 ms)
[edit-workbench +25.7s] START fullscreen: sources/results/library open the viewer; Esc closes; inpaint canvas never does
[edit-workbench +27.3s] PASS fullscreen: sources/results/library open the viewer; Esc closes; inpaint canvas never does (1563 ms)
[edit-workbench +27.3s] START Create output hero image opens fullscreen
[edit-workbench +28.3s] PASS Create output hero image opens fullscreen (1037 ms)
[edit-workbench +28.3s] START Detailer: preview/run use the selected targets, empty result is explained, stale preview is dropped, mask goes to inpaint untouched
[edit-workbench +30.4s] PASS Detailer: preview/run use the selected targets, empty result is explained, stale preview is dropped, mask goes to inpaint untouched (2131 ms)
[edit-workbench +30.4s] START every screen renders in all three shell layouts without script errors (incl. Drama/Voice/Edit)
[edit-workbench +36.3s] PASS every screen renders in all three shell layouts without script errors (incl. Drama/Voice/Edit) (5813 ms)
[edit-workbench +36.3s] START both Edit layouts render the SAME state; preference persists
[edit-workbench +38.0s] PASS both Edit layouts render the SAME state; preference persists (1763 ms)
[edit-workbench +38.0s] START resources: LoRAs visible in Create and Edit, weight changes are structured, incompatible ones excluded
[edit-workbench +39.4s] PASS resources: LoRAs visible in Create and Edit, weight changes are structured, incompatible ones excluded (1342 ms)
[edit-workbench +39.4s] START model picker: concise, grouped, searchable
[edit-workbench +40.6s] PASS model picker: concise, grouped, searchable (1212 ms)
[edit-workbench +40.6s] START presets: per-operation, versioned, privacy-aware, legacy migrated
[edit-workbench +41.6s] PASS presets: per-operation, versioned, privacy-aware, legacy migrated (1071 ms)
[edit-workbench +41.6s] START Detailer dialog traps focus, closes with Escape, and restores the opener
[edit-workbench +43.2s] PASS Detailer dialog traps focus, closes with Escape, and restores the opener (1548 ms)
[edit-workbench +43.2s] START Detailer keeps truthful job progress visible until the canonical result is ready
[edit-workbench +50.4s] PASS Detailer keeps truthful job progress visible until the canonical result is ready (7158 ms)
[edit-workbench +50.4s] START responsive @375px: no horizontal overflow on Create/Edit/Library
[edit-workbench +53.7s] PASS responsive @375px: no horizontal overflow on Create/Edit/Library (3378 ms)
[edit-workbench +53.7s] START responsive @768px: no horizontal overflow on Create/Edit/Library
[edit-workbench +56.3s] PASS responsive @768px: no horizontal overflow on Create/Edit/Library (2580 ms)
[edit-workbench +56.3s] START responsive @1280px: no horizontal overflow on Create/Edit/Library
[edit-workbench +59.1s] PASS responsive @1280px: no horizontal overflow on Create/Edit/Library (2802 ms)

21/21 browser checks passed
