[edit-workbench +1.6s] START provenance: Edit carries the SELECTED image's parameters, not the Create form
[edit-workbench +2.7s] PASS provenance: Edit carries the SELECTED image's parameters, not the Create form (1170 ms)
[edit-workbench +2.7s] START privacy on: stored prompt is recalled; different image → its own values
[edit-workbench +3.5s] PASS privacy on: stored prompt is recalled; different image → its own values (734 ms)
[edit-workbench +3.5s] START img2img: real click sends the request, shows queue/wait/real step progress, resolves the canonical result
[edit-workbench +9.2s] PASS img2img: real click sends the request, shows queue/wait/real step progress, resolves the canonical result (5706 ms)
[edit-workbench +9.2s] START failures are visible with stage + actual error; polling loss offers a safe retry
[edit-workbench +19.2s] PASS failures are visible with stage + actual error; polling loss offers a safe retry (10001 ms)
[edit-workbench +19.2s] START Run never fails silently: blocked state explains itself and click surfaces the reason
[edit-workbench +20.2s] PASS Run never fails silently: blocked state explains itself and click surfaces the reason (1046 ms)
[edit-workbench +20.2s] START inpaint alignment (fx-square.png): full image at Fit, strokes land on intended source pixels, zoom/pan keep them, backend mask matches
[edit-workbench +21.5s] PASS inpaint alignment (fx-square.png): full image at Fit, strokes land on intended source pixels, zoom/pan keep them, backend mask matches (1319 ms)
[edit-workbench +21.5s] START inpaint alignment (fx-landscape.png): full image at Fit, strokes land on intended source pixels, zoom/pan keep them, backend mask matches
[edit-workbench +22.8s] PASS inpaint alignment (fx-landscape.png): full image at Fit, strokes land on intended source pixels, zoom/pan keep them, backend mask matches (1244 ms)
[edit-workbench +22.8s] START inpaint alignment (fx-portrait.png): full image at Fit, strokes land on intended source pixels, zoom/pan keep them, backend mask matches
[edit-workbench +24.3s] PASS inpaint alignment (fx-portrait.png): full image at Fit, strokes land on intended source pixels, zoom/pan keep them, backend mask matches (1497 ms)
[edit-workbench +24.3s] START fullscreen: sources/results/library open the viewer; Esc closes; inpaint canvas never does
[edit-workbench +28.3s] PASS fullscreen: sources/results/library open the viewer; Esc closes; inpaint canvas never does (4050 ms)
[edit-workbench +28.3s] START Create output hero image opens fullscreen
[edit-workbench +29.6s] PASS Create output hero image opens fullscreen (1245 ms)
[edit-workbench +29.6s] START Detailer: preview/run use the selected targets, empty result is explained, stale preview is dropped, mask goes to inpaint untouched
[edit-workbench +32.4s] PASS Detailer: preview/run use the selected targets, empty result is explained, stale preview is dropped, mask goes to inpaint untouched (2817 ms)
[edit-workbench +32.4s] START every screen renders in all three shell layouts without script errors (incl. Drama/Voice/Edit)
[edit-workbench +38.2s] PASS every screen renders in all three shell layouts without script errors (incl. Drama/Voice/Edit) (5781 ms)
[edit-workbench +38.2s] START both Edit layouts render the SAME state; preference persists
[edit-workbench +40.2s] PASS both Edit layouts render the SAME state; preference persists (2081 ms)
[edit-workbench +40.2s] START resources: LoRAs visible in Create and Edit, weight changes are structured, incompatible ones excluded
[edit-workbench +41.5s] PASS resources: LoRAs visible in Create and Edit, weight changes are structured, incompatible ones excluded (1209 ms)
[edit-workbench +41.5s] START model picker: concise, grouped, searchable
[edit-workbench +42.5s] PASS model picker: concise, grouped, searchable (1046 ms)
[edit-workbench +42.5s] START presets: per-operation, versioned, privacy-aware, legacy migrated
[edit-workbench +43.4s] PASS presets: per-operation, versioned, privacy-aware, legacy migrated (911 ms)
[edit-workbench +43.4s] START Detailer dialog traps focus, closes with Escape, and restores the opener
[edit-workbench +45.9s] PASS Detailer dialog traps focus, closes with Escape, and restores the opener (2516 ms)
[edit-workbench +45.9s] START Detailer keeps truthful job progress visible until the canonical result is ready
[edit-workbench +53.2s] PASS Detailer keeps truthful job progress visible until the canonical result is ready (7274 ms)
[edit-workbench +53.2s] START responsive @375px: no horizontal overflow on Create/Edit/Library
[edit-workbench +56.2s] PASS responsive @375px: no horizontal overflow on Create/Edit/Library (2954 ms)
[edit-workbench +56.2s] START responsive @768px: no horizontal overflow on Create/Edit/Library
[edit-workbench +58.0s] PASS responsive @768px: no horizontal overflow on Create/Edit/Library (1869 ms)
[edit-workbench +58.0s] START responsive @1280px: no horizontal overflow on Create/Edit/Library
[edit-workbench +59.7s] PASS responsive @1280px: no horizontal overflow on Create/Edit/Library (1722 ms)

21/21 browser checks passed
