[edit-workbench +4.0s] START provenance: Edit carries the SELECTED image's parameters, not the Create form
[edit-workbench +25.1s] PASS provenance: Edit carries the SELECTED image's parameters, not the Create form (21100 ms)
[edit-workbench +25.1s] START privacy on: stored prompt is recalled; different image → its own values
[edit-workbench +31.2s] PASS privacy on: stored prompt is recalled; different image → its own values (6085 ms)
[edit-workbench +31.2s] START img2img: real click sends the request, shows queue/wait/real step progress, resolves the canonical result
[edit-workbench +39.0s] PASS img2img: real click sends the request, shows queue/wait/real step progress, resolves the canonical result (7775 ms)
[edit-workbench +39.0s] START failures are visible with stage + actual error; polling loss offers a safe retry
[edit-workbench +51.0s] PASS failures are visible with stage + actual error; polling loss offers a safe retry (12029 ms)
[edit-workbench +51.0s] START Run never fails silently: blocked state explains itself and click surfaces the reason
[edit-workbench +53.1s] PASS Run never fails silently: blocked state explains itself and click surfaces the reason (2081 ms)
[edit-workbench +53.1s] START inpaint alignment (fx-square.png): full image at Fit, strokes land on intended source pixels, zoom/pan keep them, backend mask matches
[edit-workbench +57.3s] PASS inpaint alignment (fx-square.png): full image at Fit, strokes land on intended source pixels, zoom/pan keep them, backend mask matches (4184 ms)
[edit-workbench +57.3s] START inpaint alignment (fx-landscape.png): full image at Fit, strokes land on intended source pixels, zoom/pan keep them, backend mask matches
[edit-workbench +62.1s] PASS inpaint alignment (fx-landscape.png): full image at Fit, strokes land on intended source pixels, zoom/pan keep them, backend mask matches (4780 ms)
[edit-workbench +62.1s] START inpaint alignment (fx-portrait.png): full image at Fit, strokes land on intended source pixels, zoom/pan keep them, backend mask matches
[edit-workbench +67.0s] PASS inpaint alignment (fx-portrait.png): full image at Fit, strokes land on intended source pixels, zoom/pan keep them, backend mask matches (4909 ms)
[edit-workbench +67.0s] START fullscreen: sources/results/library open the viewer; Esc closes; inpaint canvas never does
[edit-workbench +70.8s] PASS fullscreen: sources/results/library open the viewer; Esc closes; inpaint canvas never does (3795 ms)
[edit-workbench +70.8s] START Create output hero image opens fullscreen
[edit-workbench +72.9s] PASS Create output hero image opens fullscreen (2079 ms)
[edit-workbench +72.9s] START Detailer: preview/run use the selected targets, empty result is explained, stale preview is dropped, mask goes to inpaint untouched
[edit-workbench +81.4s] PASS Detailer: preview/run use the selected targets, empty result is explained, stale preview is dropped, mask goes to inpaint untouched (8567 ms)
[edit-workbench +81.4s] START every screen renders in all three shell layouts without script errors (incl. Drama/Voice/Edit)
[edit-workbench +89.2s] PASS every screen renders in all three shell layouts without script errors (incl. Drama/Voice/Edit) (7728 ms)
[edit-workbench +89.2s] START both Edit layouts render the SAME state; preference persists
[edit-workbench +93.2s] PASS both Edit layouts render the SAME state; preference persists (4078 ms)
[edit-workbench +93.2s] START resources: LoRAs visible in Create and Edit, weight changes are structured, incompatible ones excluded
[edit-workbench +95.1s] PASS resources: LoRAs visible in Create and Edit, weight changes are structured, incompatible ones excluded (1863 ms)
[edit-workbench +95.1s] START model picker: concise, grouped, searchable
[edit-workbench +98.2s] PASS model picker: concise, grouped, searchable (3083 ms)
[edit-workbench +98.2s] START presets: per-operation, versioned, privacy-aware, legacy migrated
[edit-workbench +100.6s] PASS presets: per-operation, versioned, privacy-aware, legacy migrated (2454 ms)
[edit-workbench +100.6s] START Detailer dialog traps focus, closes with Escape, and restores the opener
[edit-workbench +103.4s] PASS Detailer dialog traps focus, closes with Escape, and restores the opener (2751 ms)
[edit-workbench +103.4s] START Detailer keeps truthful job progress visible until the canonical result is ready
[edit-workbench +110.5s] PASS Detailer keeps truthful job progress visible until the canonical result is ready (7082 ms)
[edit-workbench +110.5s] START responsive @375px: no horizontal overflow on Create/Edit/Library
[edit-workbench +113.2s] PASS responsive @375px: no horizontal overflow on Create/Edit/Library (2688 ms)
[edit-workbench +113.2s] START responsive @768px: no horizontal overflow on Create/Edit/Library
[edit-workbench +116.3s] PASS responsive @768px: no horizontal overflow on Create/Edit/Library (3160 ms)
[edit-workbench +116.3s] START responsive @1280px: no horizontal overflow on Create/Edit/Library
[edit-workbench +120.5s] PASS responsive @1280px: no horizontal overflow on Create/Edit/Library (4164 ms)

21/21 browser checks passed
