
> operator-console@1.0.0 test:browser
> node tests/browser/edit-workbench.browser.js && node tests/browser/voice-drama.browser.js

[edit-workbench +3.0s] START provenance: Edit carries the SELECTED image's parameters, not the Create form
[edit-workbench +5.9s] PASS provenance: Edit carries the SELECTED image's parameters, not the Create form (2939 ms)
[edit-workbench +5.9s] START privacy on: stored prompt is recalled; different image → its own values
[edit-workbench +7.6s] PASS privacy on: stored prompt is recalled; different image → its own values (1661 ms)
[edit-workbench +7.6s] START img2img: real click sends the request, shows queue/wait/real step progress, resolves the canonical result
[edit-workbench +14.1s] PASS img2img: real click sends the request, shows queue/wait/real step progress, resolves the canonical result (6557 ms)
[edit-workbench +14.1s] START failures are visible with stage + actual error; polling loss offers a safe retry
[edit-workbench +25.7s] PASS failures are visible with stage + actual error; polling loss offers a safe retry (11542 ms)
[edit-workbench +25.7s] START Run never fails silently: blocked state explains itself and click surfaces the reason
[edit-workbench +27.6s] PASS Run never fails silently: blocked state explains itself and click surfaces the reason (1906 ms)
[edit-workbench +27.6s] START inpaint alignment (fx-square.png): full image at Fit, strokes land on intended source pixels, zoom/pan keep them, backend mask matches
[edit-workbench +30.1s] PASS inpaint alignment (fx-square.png): full image at Fit, strokes land on intended source pixels, zoom/pan keep them, backend mask matches (2533 ms)
[edit-workbench +30.1s] START inpaint alignment (fx-landscape.png): full image at Fit, strokes land on intended source pixels, zoom/pan keep them, backend mask matches
[edit-workbench +32.6s] PASS inpaint alignment (fx-landscape.png): full image at Fit, strokes land on intended source pixels, zoom/pan keep them, backend mask matches (2505 ms)
[edit-workbench +32.6s] START inpaint alignment (fx-portrait.png): full image at Fit, strokes land on intended source pixels, zoom/pan keep them, backend mask matches
[edit-workbench +36.1s] PASS inpaint alignment (fx-portrait.png): full image at Fit, strokes land on intended source pixels, zoom/pan keep them, backend mask matches (3445 ms)
[edit-workbench +36.1s] START fullscreen: sources/results/library open the viewer; Esc closes; inpaint canvas never does
[edit-workbench +38.9s] PASS fullscreen: sources/results/library open the viewer; Esc closes; inpaint canvas never does (2837 ms)
[edit-workbench +38.9s] START Create output hero image opens fullscreen
[edit-workbench +40.4s] PASS Create output hero image opens fullscreen (1473 ms)
[edit-workbench +40.4s] START Detailer: preview/run use the selected targets, empty result is explained, stale preview is dropped, mask goes to inpaint untouched
[edit-workbench +45.2s] PASS Detailer: preview/run use the selected targets, empty result is explained, stale preview is dropped, mask goes to inpaint untouched (4803 ms)
[edit-workbench +45.2s] START every screen renders in all three shell layouts without script errors (incl. Drama/Voice/Edit)
[edit-workbench +52.5s] PASS every screen renders in all three shell layouts without script errors (incl. Drama/Voice/Edit) (7299 ms)
[edit-workbench +52.5s] START both Edit layouts render the SAME state; preference persists
[edit-workbench +56.6s] PASS both Edit layouts render the SAME state; preference persists (4059 ms)
[edit-workbench +56.6s] START resources: LoRAs visible in Create and Edit, weight changes are structured, incompatible ones excluded
[edit-workbench +58.3s] PASS resources: LoRAs visible in Create and Edit, weight changes are structured, incompatible ones excluded (1787 ms)
[edit-workbench +58.3s] START model picker: concise, grouped, searchable
[edit-workbench +59.8s] PASS model picker: concise, grouped, searchable (1499 ms)
[edit-workbench +59.8s] START presets: per-operation, versioned, privacy-aware, legacy migrated
[edit-workbench +62.2s] FAIL presets: per-operation, versioned, privacy-aware, legacy migrated 
    inpaint round trip
    
    '9' !== '23'
    
[edit-workbench +62.2s] START saving off: both browser storage areas exclude current edit prompt and negative after preset save and reload
[edit-workbench +66.6s] PASS saving off: both browser storage areas exclude current edit prompt and negative after preset save and reload (4455 ms)
[edit-workbench +66.6s] START Detailer dialog traps focus, closes with Escape, and restores the opener
[edit-workbench +69.0s] PASS Detailer dialog traps focus, closes with Escape, and restores the opener (2392 ms)
[edit-workbench +69.0s] START Detailer keeps truthful job progress visible until the canonical result is ready
[edit-workbench +75.3s] PASS Detailer keeps truthful job progress visible until the canonical result is ready (6323 ms)
[edit-workbench +75.3s] START responsive @375px: no horizontal overflow on Create/Edit/Library
[edit-workbench +77.8s] PASS responsive @375px: no horizontal overflow on Create/Edit/Library (2464 ms)
[edit-workbench +77.8s] START responsive @768px: no horizontal overflow on Create/Edit/Library
[edit-workbench +81.9s] PASS responsive @768px: no horizontal overflow on Create/Edit/Library (4102 ms)
[edit-workbench +81.9s] START responsive @1280px: no horizontal overflow on Create/Edit/Library
[edit-workbench +84.7s] PASS responsive @1280px: no horizontal overflow on Create/Edit/Library (2765 ms)

21/22 browser checks passed
