
> operator-console@1.0.0 test:browser
> node tests/browser/edit-workbench.browser.js && node tests/browser/voice-drama.browser.js

[edit-workbench +2.5s] START provenance: Edit carries the SELECTED image's parameters, not the Create form
[edit-workbench +6.2s] PASS provenance: Edit carries the SELECTED image's parameters, not the Create form (3672 ms)
[edit-workbench +6.2s] START privacy on: stored prompt is recalled; different image → its own values
[edit-workbench +7.8s] PASS privacy on: stored prompt is recalled; different image → its own values (1584 ms)
[edit-workbench +7.8s] START img2img: real click sends the request, shows queue/wait/real step progress, resolves the canonical result
[edit-workbench +15.2s] PASS img2img: real click sends the request, shows queue/wait/real step progress, resolves the canonical result (7360 ms)
[edit-workbench +15.2s] START failures are visible with stage + actual error; polling loss offers a safe retry
[edit-workbench +26.3s] PASS failures are visible with stage + actual error; polling loss offers a safe retry (11115 ms)
[edit-workbench +26.3s] START Run never fails silently: blocked state explains itself and click surfaces the reason
[edit-workbench +28.0s] PASS Run never fails silently: blocked state explains itself and click surfaces the reason (1738 ms)
[edit-workbench +28.0s] START inpaint alignment (fx-square.png): full image at Fit, strokes land on intended source pixels, zoom/pan keep them, backend mask matches
[edit-workbench +30.2s] PASS inpaint alignment (fx-square.png): full image at Fit, strokes land on intended source pixels, zoom/pan keep them, backend mask matches (2224 ms)
[edit-workbench +30.2s] START inpaint alignment (fx-landscape.png): full image at Fit, strokes land on intended source pixels, zoom/pan keep them, backend mask matches
[edit-workbench +32.7s] PASS inpaint alignment (fx-landscape.png): full image at Fit, strokes land on intended source pixels, zoom/pan keep them, backend mask matches (2487 ms)
[edit-workbench +32.7s] START inpaint alignment (fx-portrait.png): full image at Fit, strokes land on intended source pixels, zoom/pan keep them, backend mask matches
[edit-workbench +35.2s] PASS inpaint alignment (fx-portrait.png): full image at Fit, strokes land on intended source pixels, zoom/pan keep them, backend mask matches (2517 ms)
[edit-workbench +35.2s] START fullscreen: sources/results/library open the viewer; Esc closes; inpaint canvas never does
[edit-workbench +39.4s] PASS fullscreen: sources/results/library open the viewer; Esc closes; inpaint canvas never does (4145 ms)
[edit-workbench +39.4s] START Create output hero image opens fullscreen
[edit-workbench +41.0s] PASS Create output hero image opens fullscreen (1643 ms)
[edit-workbench +41.0s] START Detailer: preview/run use the selected targets, empty result is explained, stale preview is dropped, mask goes to inpaint untouched
[edit-workbench +44.2s] PASS Detailer: preview/run use the selected targets, empty result is explained, stale preview is dropped, mask goes to inpaint untouched (3125 ms)
[edit-workbench +44.2s] START every screen renders in all three shell layouts without script errors (incl. Drama/Voice/Edit)
[edit-workbench +50.4s] PASS every screen renders in all three shell layouts without script errors (incl. Drama/Voice/Edit) (6197 ms)
[edit-workbench +50.4s] START both Edit layouts render the SAME state; preference persists
[edit-workbench +52.5s] PASS both Edit layouts render the SAME state; preference persists (2163 ms)
[edit-workbench +52.5s] START resources: LoRAs visible in Create and Edit, weight changes are structured, incompatible ones excluded
[edit-workbench +54.5s] PASS resources: LoRAs visible in Create and Edit, weight changes are structured, incompatible ones excluded (2023 ms)
[edit-workbench +54.5s] START model picker: concise, grouped, searchable
[edit-workbench +56.0s] PASS model picker: concise, grouped, searchable (1424 ms)
[edit-workbench +56.0s] START presets: per-operation, versioned, privacy-aware, legacy migrated
[edit-workbench +58.2s] FAIL presets: per-operation, versioned, privacy-aware, legacy migrated 
    page.waitForFunction: TypeError: Cannot read properties of null (reading 'value')
        at eval (eval at predicate (eval at evaluate (:303:30)), <anonymous>:1:120)
        at predicate (eval at evaluate (:303:30), <anonymous>:7:27)
        at next (eval at evaluate (:303:30), <anonymous>:29:33)
        at eval (eval at evaluate (:303:30), <anonymous>:42:13)
[edit-workbench +58.2s] START saving off: both browser storage areas exclude current edit prompt and negative after preset save and reload
[edit-workbench +60.3s] PASS saving off: both browser storage areas exclude current edit prompt and negative after preset save and reload (2107 ms)
[edit-workbench +60.3s] START Detailer dialog traps focus, closes with Escape, and restores the opener
[edit-workbench +63.0s] PASS Detailer dialog traps focus, closes with Escape, and restores the opener (2727 ms)
[edit-workbench +63.0s] START Detailer keeps truthful job progress visible until the canonical result is ready
[edit-workbench +70.1s] PASS Detailer keeps truthful job progress visible until the canonical result is ready (7094 ms)
[edit-workbench +70.1s] START responsive @375px: no horizontal overflow on Create/Edit/Library
[edit-workbench +72.1s] PASS responsive @375px: no horizontal overflow on Create/Edit/Library (1993 ms)
[edit-workbench +72.1s] START responsive @768px: no horizontal overflow on Create/Edit/Library
[edit-workbench +76.5s] PASS responsive @768px: no horizontal overflow on Create/Edit/Library (4469 ms)
[edit-workbench +76.6s] START responsive @1280px: no horizontal overflow on Create/Edit/Library
[edit-workbench +79.0s] PASS responsive @1280px: no horizontal overflow on Create/Edit/Library (2461 ms)

21/22 browser checks passed
