
> operator-console@1.0.0 test:browser
> node tests/browser/edit-workbench.browser.js && node tests/browser/voice-drama.browser.js

[edit-workbench +2.2s] START provenance: Edit carries the SELECTED image's parameters, not the Create form
[edit-workbench +5.4s] PASS provenance: Edit carries the SELECTED image's parameters, not the Create form (3198 ms)
[edit-workbench +5.4s] START privacy on: stored prompt is recalled; different image → its own values
[edit-workbench +7.0s] PASS privacy on: stored prompt is recalled; different image → its own values (1606 ms)
[edit-workbench +7.0s] START img2img: real click sends the request, shows queue/wait/real step progress, resolves the canonical result
[edit-workbench +13.6s] PASS img2img: real click sends the request, shows queue/wait/real step progress, resolves the canonical result (6597 ms)
[edit-workbench +13.6s] START failures are visible with stage + actual error; polling loss offers a safe retry

[suite] SIGINT received — cleaning up
[edit-workbench +24.1s] FAIL failures are visible with stage + actual error; polling loss offers a safe retry 
    page.waitForSelector: Target page, context or browser has been closed
    Call log:
    [2m  - waiting for locator('[data-edit-results]') to be visible[22m
    
[edit-workbench +24.1s] START Run never fails silently: blocked state explains itself and click surfaces the reason
[edit-workbench +24.1s] FAIL Run never fails silently: blocked state explains itself and click surfaces the reason 
    browser.newContext: Target page, context or browser has been closed
[edit-workbench +24.1s] START inpaint alignment (fx-square.png): full image at Fit, strokes land on intended source pixels, zoom/pan keep them, backend mask matches
[edit-workbench +24.1s] FAIL inpaint alignment (fx-square.png): full image at Fit, strokes land on intended source pixels, zoom/pan keep them, backend mask matches 
    browser.newContext: Target page, context or browser has been closed
[edit-workbench +24.1s] START inpaint alignment (fx-landscape.png): full image at Fit, strokes land on intended source pixels, zoom/pan keep them, backend mask matches
[edit-workbench +24.1s] FAIL inpaint alignment (fx-landscape.png): full image at Fit, strokes land on intended source pixels, zoom/pan keep them, backend mask matches 
    browser.newContext: Target page, context or browser has been closed
[edit-workbench +24.1s] START inpaint alignment (fx-portrait.png): full image at Fit, strokes land on intended source pixels, zoom/pan keep them, backend mask matches
[edit-workbench +24.1s] FAIL inpaint alignment (fx-portrait.png): full image at Fit, strokes land on intended source pixels, zoom/pan keep them, backend mask matches 
    browser.newContext: Target page, context or browser has been closed
[edit-workbench +24.1s] START fullscreen: sources/results/library open the viewer; Esc closes; inpaint canvas never does
[edit-workbench +24.1s] FAIL fullscreen: sources/results/library open the viewer; Esc closes; inpaint canvas never does 
    browser.newContext: Target page, context or browser has been closed
[edit-workbench +24.1s] START Create output hero image opens fullscreen
[edit-workbench +24.1s] FAIL Create output hero image opens fullscreen 
    browser.newContext: Target page, context or browser has been closed
[edit-workbench +24.1s] START Detailer: preview/run use the selected targets, empty result is explained, stale preview is dropped, mask goes to inpaint untouched
[edit-workbench +24.1s] FAIL Detailer: preview/run use the selected targets, empty result is explained, stale preview is dropped, mask goes to inpaint untouched 
    browser.newContext: Target page, context or browser has been closed
[edit-workbench +24.1s] START every screen renders in all three shell layouts without script errors (incl. Drama/Voice/Edit)
[edit-workbench +24.1s] FAIL every screen renders in all three shell layouts without script errors (incl. Drama/Voice/Edit) 
    browser.newContext: Target page, context or browser has been closed
[edit-workbench +24.1s] START both Edit layouts render the SAME state; preference persists
[edit-workbench +24.1s] FAIL both Edit layouts render the SAME state; preference persists 
    browser.newContext: Target page, context or browser has been closed
[edit-workbench +24.1s] START resources: LoRAs visible in Create and Edit, weight changes are structured, incompatible ones excluded
[edit-workbench +24.1s] FAIL resources: LoRAs visible in Create and Edit, weight changes are structured, incompatible ones excluded 
    browser.newContext: Target page, context or browser has been closed
[edit-workbench +24.1s] START model picker: concise, grouped, searchable
[edit-workbench +24.1s] FAIL model picker: concise, grouped, searchable 
    browser.newContext: Target page, context or browser has been closed
[edit-workbench +24.1s] START presets: per-operation, versioned, privacy-aware, legacy migrated
[edit-workbench +24.1s] FAIL presets: per-operation, versioned, privacy-aware, legacy migrated 
    browser.newContext: Target page, context or browser has been closed
[edit-workbench +24.1s] START saving off: both browser storage areas exclude current edit prompt and negative after preset save and reload
[edit-workbench +24.1s] FAIL saving off: both browser storage areas exclude current edit prompt and negative after preset save and reload 
    browser.newContext: Target page, context or browser has been closed
[edit-workbench +24.1s] START Detailer dialog traps focus, closes with Escape, and restores the opener
[edit-workbench +24.1s] FAIL Detailer dialog traps focus, closes with Escape, and restores the opener 
    browser.newContext: Target page, context or browser has been closed
[edit-workbench +24.1s] START Detailer keeps truthful job progress visible until the canonical result is ready
[edit-workbench +24.1s] FAIL Detailer keeps truthful job progress visible until the canonical result is ready 
    browser.newContext: Target page, context or browser has been closed
[edit-workbench +24.1s] START responsive @375px: no horizontal overflow on Create/Edit/Library
[edit-workbench +24.1s] FAIL responsive @375px: no horizontal overflow on Create/Edit/Library 
    browser.newContext: Target page, context or browser has been closed
[edit-workbench +24.1s] START responsive @768px: no horizontal overflow on Create/Edit/Library
[edit-workbench +24.1s] FAIL responsive @768px: no horizontal overflow on Create/Edit/Library 
    browser.newContext: Target page, context or browser has been closed
[edit-workbench +24.1s] START responsive @1280px: no horizontal overflow on Create/Edit/Library
[edit-workbench +24.1s] FAIL responsive @1280px: no horizontal overflow on Create/Edit/Library 
    browser.newContext: Target page, context or browser has been closed

3/22 browser checks passed
