
> operator-console@1.0.0 test:browser:edit
> node tests/browser/edit-workbench.browser.js

[edit-workbench +3.6s] START provenance: Edit carries the SELECTED image's parameters, not the Create form
[edit-workbench +6.4s] PASS provenance: Edit carries the SELECTED image's parameters, not the Create form (2897 ms)
[edit-workbench +6.4s] START privacy on: stored prompt is recalled; different image → its own values
[edit-workbench +8.3s] PASS privacy on: stored prompt is recalled; different image → its own values (1862 ms)
[edit-workbench +8.3s] START img2img: real click sends the request, shows queue/wait/real step progress, resolves the canonical result
[edit-workbench +15.0s] PASS img2img: real click sends the request, shows queue/wait/real step progress, resolves the canonical result (6702 ms)
[edit-workbench +15.0s] START failures are visible with stage + actual error; polling loss offers a safe retry
[edit-workbench +25.9s] PASS failures are visible with stage + actual error; polling loss offers a safe retry (10876 ms)
[edit-workbench +25.9s] START Run never fails silently: blocked state explains itself and click surfaces the reason
[edit-workbench +28.0s] PASS Run never fails silently: blocked state explains itself and click surfaces the reason (2138 ms)
[edit-workbench +28.0s] START inpaint alignment (fx-square.png): full image at Fit, strokes land on intended source pixels, zoom/pan keep them, backend mask matches
[edit-workbench +30.1s] PASS inpaint alignment (fx-square.png): full image at Fit, strokes land on intended source pixels, zoom/pan keep them, backend mask matches (2086 ms)
[edit-workbench +30.1s] START inpaint alignment (fx-landscape.png): full image at Fit, strokes land on intended source pixels, zoom/pan keep them, backend mask matches
[edit-workbench +35.2s] PASS inpaint alignment (fx-landscape.png): full image at Fit, strokes land on intended source pixels, zoom/pan keep them, backend mask matches (5044 ms)
[edit-workbench +35.2s] START inpaint alignment (fx-portrait.png): full image at Fit, strokes land on intended source pixels, zoom/pan keep them, backend mask matches
[edit-workbench +39.3s] PASS inpaint alignment (fx-portrait.png): full image at Fit, strokes land on intended source pixels, zoom/pan keep them, backend mask matches (4174 ms)
[edit-workbench +39.3s] START fullscreen: sources/results/library open the viewer; Esc closes; inpaint canvas never does
[edit-workbench +41.8s] PASS fullscreen: sources/results/library open the viewer; Esc closes; inpaint canvas never does (2442 ms)
[edit-workbench +41.8s] START Create output hero image opens fullscreen
[edit-workbench +45.9s] PASS Create output hero image opens fullscreen (4157 ms)
[edit-workbench +45.9s] START Detailer: preview/run use the selected targets, empty result is explained, stale preview is dropped, mask goes to inpaint untouched
[edit-workbench +49.7s] PASS Detailer: preview/run use the selected targets, empty result is explained, stale preview is dropped, mask goes to inpaint untouched (3743 ms)
[edit-workbench +49.7s] START every screen renders in all three shell layouts without script errors (incl. Drama/Voice/Edit)
[edit-workbench +55.9s] PASS every screen renders in all three shell layouts without script errors (incl. Drama/Voice/Edit) (6246 ms)
[edit-workbench +55.9s] START both Edit layouts render the SAME state; preference persists
[edit-workbench +58.7s] PASS both Edit layouts render the SAME state; preference persists (2792 ms)
[edit-workbench +58.7s] START resources: LoRAs visible in Create and Edit, weight changes are structured, incompatible ones excluded
[edit-workbench +60.5s] PASS resources: LoRAs visible in Create and Edit, weight changes are structured, incompatible ones excluded (1824 ms)
[edit-workbench +60.5s] START model picker: concise, grouped, searchable
[edit-workbench +62.6s] PASS model picker: concise, grouped, searchable (2044 ms)
[edit-workbench +62.6s] START presets: per-operation, versioned, privacy-aware, legacy migrated
[edit-workbench +65.0s] FAIL presets: per-operation, versioned, privacy-aware, legacy migrated 
    page.waitForFunction: TypeError: Cannot read properties of null (reading 'value')
        at eval (eval at predicate (eval at evaluate (:303:30)), <anonymous>:1:120)
        at predicate (eval at evaluate (:303:30), <anonymous>:7:27)
        at next (eval at evaluate (:303:30), <anonymous>:29:33)
        at eval (eval at evaluate (:303:30), <anonymous>:42:13)
[edit-workbench +65.0s] START saving off: both browser storage areas exclude current edit prompt and negative after preset save and reload
[edit-workbench +68.2s] PASS saving off: both browser storage areas exclude current edit prompt and negative after preset save and reload (3148 ms)
[edit-workbench +68.2s] START Detailer dialog traps focus, closes with Escape, and restores the opener
[edit-workbench +70.6s] PASS Detailer dialog traps focus, closes with Escape, and restores the opener (2457 ms)
[edit-workbench +70.6s] START Detailer keeps truthful job progress visible until the canonical result is ready
[edit-workbench +77.6s] PASS Detailer keeps truthful job progress visible until the canonical result is ready (6993 ms)
[edit-workbench +77.6s] START responsive @375px: no horizontal overflow on Create/Edit/Library
[edit-workbench +81.2s] PASS responsive @375px: no horizontal overflow on Create/Edit/Library (3534 ms)
[edit-workbench +81.2s] START responsive @768px: no horizontal overflow on Create/Edit/Library
[edit-workbench +83.5s] PASS responsive @768px: no horizontal overflow on Create/Edit/Library (2300 ms)
[edit-workbench +83.5s] START responsive @1280px: no horizontal overflow on Create/Edit/Library
[edit-workbench +85.9s] PASS responsive @1280px: no horizontal overflow on Create/Edit/Library (2457 ms)

21/22 browser checks passed
