[edit-workbench +1.8s] START provenance: Edit carries the SELECTED image's parameters, not the Create form
[edit-workbench +4.0s] PASS provenance: Edit carries the SELECTED image's parameters, not the Create form (2125 ms)
[edit-workbench +4.0s] START privacy on: stored prompt is recalled; different image → its own values
[edit-workbench +6.9s] PASS privacy on: stored prompt is recalled; different image → its own values (2953 ms)
[edit-workbench +6.9s] START img2img: real click sends the request, shows queue/wait/real step progress, resolves the canonical result
[edit-workbench +13.4s] PASS img2img: real click sends the request, shows queue/wait/real step progress, resolves the canonical result (6456 ms)
[edit-workbench +13.4s] START failures are visible with stage + actual error; polling loss offers a safe retry
[edit-workbench +23.5s] PASS failures are visible with stage + actual error; polling loss offers a safe retry (10151 ms)
[edit-workbench +23.5s] START Run never fails silently: blocked state explains itself and click surfaces the reason
[edit-workbench +24.4s] PASS Run never fails silently: blocked state explains itself and click surfaces the reason (886 ms)
[edit-workbench +24.4s] START inpaint alignment (fx-square.png): full image at Fit, strokes land on intended source pixels, zoom/pan keep them, backend mask matches
[edit-workbench +25.6s] PASS inpaint alignment (fx-square.png): full image at Fit, strokes land on intended source pixels, zoom/pan keep them, backend mask matches (1208 ms)
[edit-workbench +25.6s] START inpaint alignment (fx-landscape.png): full image at Fit, strokes land on intended source pixels, zoom/pan keep them, backend mask matches
[edit-workbench +27.0s] PASS inpaint alignment (fx-landscape.png): full image at Fit, strokes land on intended source pixels, zoom/pan keep them, backend mask matches (1386 ms)
[edit-workbench +27.0s] START inpaint alignment (fx-portrait.png): full image at Fit, strokes land on intended source pixels, zoom/pan keep them, backend mask matches
[edit-workbench +28.2s] PASS inpaint alignment (fx-portrait.png): full image at Fit, strokes land on intended source pixels, zoom/pan keep them, backend mask matches (1230 ms)
[edit-workbench +28.2s] START fullscreen: sources/results/library open the viewer; Esc closes; inpaint canvas never does
[edit-workbench +30.3s] PASS fullscreen: sources/results/library open the viewer; Esc closes; inpaint canvas never does (2089 ms)
[edit-workbench +30.3s] START Create output hero image opens fullscreen
[edit-workbench +31.4s] PASS Create output hero image opens fullscreen (1106 ms)
[edit-workbench +31.4s] START Detailer: preview/run use the selected targets, empty result is explained, stale preview is dropped, mask goes to inpaint untouched
[edit-workbench +34.7s] PASS Detailer: preview/run use the selected targets, empty result is explained, stale preview is dropped, mask goes to inpaint untouched (3300 ms)
[edit-workbench +34.7s] START every screen renders in all three shell layouts without script errors (incl. Drama/Voice/Edit)
[edit-workbench +40.3s] PASS every screen renders in all three shell layouts without script errors (incl. Drama/Voice/Edit) (5604 ms)
[edit-workbench +40.3s] START both Edit layouts render the SAME state; preference persists
[edit-workbench +41.9s] PASS both Edit layouts render the SAME state; preference persists (1526 ms)
[edit-workbench +41.9s] START resources: LoRAs visible in Create and Edit, weight changes are structured, incompatible ones excluded
[edit-workbench +43.0s] PASS resources: LoRAs visible in Create and Edit, weight changes are structured, incompatible ones excluded (1110 ms)
[edit-workbench +43.0s] START model picker: concise, grouped, searchable
[edit-workbench +43.9s] PASS model picker: concise, grouped, searchable (874 ms)
[edit-workbench +43.9s] START presets: per-operation, versioned, privacy-aware, legacy migrated
[edit-workbench +44.7s] PASS presets: per-operation, versioned, privacy-aware, legacy migrated (889 ms)
[edit-workbench +44.7s] START Detailer dialog traps focus, closes with Escape, and restores the opener
[edit-workbench +46.8s] PASS Detailer dialog traps focus, closes with Escape, and restores the opener (2023 ms)
[edit-workbench +46.8s] START Detailer keeps truthful job progress visible until the canonical result is ready
[edit-workbench +52.7s] PASS Detailer keeps truthful job progress visible until the canonical result is ready (5946 ms)
[edit-workbench +52.7s] START responsive @375px: no horizontal overflow on Create/Edit/Library
[edit-workbench +54.3s] PASS responsive @375px: no horizontal overflow on Create/Edit/Library (1568 ms)
[edit-workbench +54.3s] START responsive @768px: no horizontal overflow on Create/Edit/Library
[edit-workbench +56.9s] PASS responsive @768px: no horizontal overflow on Create/Edit/Library (2596 ms)
[edit-workbench +56.9s] START responsive @1280px: no horizontal overflow on Create/Edit/Library
[edit-workbench +58.6s] PASS responsive @1280px: no horizontal overflow on Create/Edit/Library (1685 ms)

21/21 browser checks passed
