
> operator-console@1.0.0 test:browser:edit
> node tests/browser/edit-workbench.browser.js

[edit-workbench +3.2s] START provenance: Edit carries the SELECTED image's parameters, not the Create form
[edit-workbench +7.4s] PASS provenance: Edit carries the SELECTED image's parameters, not the Create form (4194 ms)
[edit-workbench +7.4s] START privacy on: stored prompt is recalled; different image → its own values
[edit-workbench +9.1s] PASS privacy on: stored prompt is recalled; different image → its own values (1678 ms)
[edit-workbench +9.1s] START img2img: real click sends the request, shows queue/wait/real step progress, resolves the canonical result
[edit-workbench +19.4s] PASS img2img: real click sends the request, shows queue/wait/real step progress, resolves the canonical result (10302 ms)
[edit-workbench +19.4s] START failures are visible with stage + actual error; polling loss offers a safe retry
[edit-workbench +31.0s] PASS failures are visible with stage + actual error; polling loss offers a safe retry (11605 ms)
[edit-workbench +31.0s] START Run never fails silently: blocked state explains itself and click surfaces the reason
[edit-workbench +32.9s] PASS Run never fails silently: blocked state explains itself and click surfaces the reason (1891 ms)
[edit-workbench +32.9s] START inpaint alignment (fx-square.png): full image at Fit, strokes land on intended source pixels, zoom/pan keep them, backend mask matches
[edit-workbench +35.3s] PASS inpaint alignment (fx-square.png): full image at Fit, strokes land on intended source pixels, zoom/pan keep them, backend mask matches (2338 ms)
[edit-workbench +35.3s] START inpaint alignment (fx-landscape.png): full image at Fit, strokes land on intended source pixels, zoom/pan keep them, backend mask matches
[edit-workbench +39.4s] PASS inpaint alignment (fx-landscape.png): full image at Fit, strokes land on intended source pixels, zoom/pan keep them, backend mask matches (4150 ms)
[edit-workbench +39.4s] START inpaint alignment (fx-portrait.png): full image at Fit, strokes land on intended source pixels, zoom/pan keep them, backend mask matches
[edit-workbench +42.2s] PASS inpaint alignment (fx-portrait.png): full image at Fit, strokes land on intended source pixels, zoom/pan keep them, backend mask matches (2745 ms)
[edit-workbench +42.2s] START fullscreen: sources/results/library open the viewer; Esc closes; inpaint canvas never does
[edit-workbench +49.4s] PASS fullscreen: sources/results/library open the viewer; Esc closes; inpaint canvas never does (7280 ms)
[edit-workbench +49.4s] START Create output hero image opens fullscreen
[edit-workbench +51.7s] PASS Create output hero image opens fullscreen (2275 ms)
[edit-workbench +51.7s] START Detailer: preview/run use the selected targets, empty result is explained, stale preview is dropped, mask goes to inpaint untouched
[edit-workbench +55.4s] PASS Detailer: preview/run use the selected targets, empty result is explained, stale preview is dropped, mask goes to inpaint untouched (3691 ms)
[edit-workbench +55.4s] START every screen renders in all three shell layouts without script errors (incl. Drama/Voice/Edit)
[edit-workbench +61.7s] PASS every screen renders in all three shell layouts without script errors (incl. Drama/Voice/Edit) (6319 ms)
[edit-workbench +61.7s] START both Edit layouts render the SAME state; preference persists
[edit-workbench +64.4s] PASS both Edit layouts render the SAME state; preference persists (2626 ms)
[edit-workbench +64.4s] START resources: LoRAs visible in Create and Edit, weight changes are structured, incompatible ones excluded
[edit-workbench +66.3s] PASS resources: LoRAs visible in Create and Edit, weight changes are structured, incompatible ones excluded (1947 ms)
[edit-workbench +66.3s] START model picker: concise, grouped, searchable
[edit-workbench +69.3s] PASS model picker: concise, grouped, searchable (3017 ms)
[edit-workbench +69.3s] START presets: per-operation, versioned, privacy-aware, legacy migrated
[edit-workbench +71.7s] FAIL presets: per-operation, versioned, privacy-aware, legacy migrated 
    inpaint round trip
    
    '9' !== '23'
    
[edit-workbench +71.7s] START saving off: both browser storage areas exclude current edit prompt and negative after preset save and reload
[edit-workbench +74.8s] PASS saving off: both browser storage areas exclude current edit prompt and negative after preset save and reload (3132 ms)
[edit-workbench +74.8s] START Detailer dialog traps focus, closes with Escape, and restores the opener
[edit-workbench +77.2s] PASS Detailer dialog traps focus, closes with Escape, and restores the opener (2394 ms)
[edit-workbench +77.2s] START Detailer keeps truthful job progress visible until the canonical result is ready
[edit-workbench +84.2s] PASS Detailer keeps truthful job progress visible until the canonical result is ready (6955 ms)
[edit-workbench +84.2s] START responsive @375px: no horizontal overflow on Create/Edit/Library
[edit-workbench +87.7s] PASS responsive @375px: no horizontal overflow on Create/Edit/Library (3565 ms)
[edit-workbench +87.7s] START responsive @768px: no horizontal overflow on Create/Edit/Library
[edit-workbench +90.6s] PASS responsive @768px: no horizontal overflow on Create/Edit/Library (2829 ms)
[edit-workbench +90.6s] START responsive @1280px: no horizontal overflow on Create/Edit/Library
[edit-workbench +93.1s] PASS responsive @1280px: no horizontal overflow on Create/Edit/Library (2502 ms)

21/22 browser checks passed
