
> operator-console@1.0.0 test:browser:edit
> node tests/browser/edit-workbench.browser.js

[edit-workbench +0.4s] START provenance: Edit carries the SELECTED image's parameters, not the Create form
[edit-workbench +1.3s] PASS provenance: Edit carries the SELECTED image's parameters, not the Create form (940 ms)
[edit-workbench +1.3s] START privacy on: stored prompt is recalled; different image → its own values
[edit-workbench +2.1s] PASS privacy on: stored prompt is recalled; different image → its own values (790 ms)
[edit-workbench +2.1s] START img2img: real click sends the request, shows queue/wait/real step progress, resolves the canonical result
[edit-workbench +7.8s] PASS img2img: real click sends the request, shows queue/wait/real step progress, resolves the canonical result (5667 ms)
[edit-workbench +7.8s] START failures are visible with stage + actual error; polling loss offers a safe retry
[edit-workbench +17.4s] PASS failures are visible with stage + actual error; polling loss offers a safe retry (9588 ms)
[edit-workbench +17.4s] START Run never fails silently: blocked state explains itself and click surfaces the reason
[edit-workbench +18.3s] PASS Run never fails silently: blocked state explains itself and click surfaces the reason (938 ms)
[edit-workbench +18.3s] START inpaint alignment (fx-square.png): full image at Fit, strokes land on intended source pixels, zoom/pan keep them, backend mask matches
[edit-workbench +19.3s] PASS inpaint alignment (fx-square.png): full image at Fit, strokes land on intended source pixels, zoom/pan keep them, backend mask matches (992 ms)
[edit-workbench +19.3s] START inpaint alignment (fx-landscape.png): full image at Fit, strokes land on intended source pixels, zoom/pan keep them, backend mask matches
[edit-workbench +20.3s] PASS inpaint alignment (fx-landscape.png): full image at Fit, strokes land on intended source pixels, zoom/pan keep them, backend mask matches (979 ms)
[edit-workbench +20.3s] START inpaint alignment (fx-portrait.png): full image at Fit, strokes land on intended source pixels, zoom/pan keep them, backend mask matches
[edit-workbench +21.3s] PASS inpaint alignment (fx-portrait.png): full image at Fit, strokes land on intended source pixels, zoom/pan keep them, backend mask matches (1009 ms)
[edit-workbench +21.3s] START fullscreen: sources/results/library open the viewer; Esc closes; inpaint canvas never does
[edit-workbench +22.9s] PASS fullscreen: sources/results/library open the viewer; Esc closes; inpaint canvas never does (1556 ms)
[edit-workbench +22.9s] START Create output hero image opens fullscreen
[edit-workbench +23.5s] PASS Create output hero image opens fullscreen (612 ms)
[edit-workbench +23.5s] START Detailer: preview/run use the selected targets, empty result is explained, stale preview is dropped, mask goes to inpaint untouched
[edit-workbench +25.7s] PASS Detailer: preview/run use the selected targets, empty result is explained, stale preview is dropped, mask goes to inpaint untouched (2255 ms)
[edit-workbench +25.7s] START every screen renders in all three shell layouts without script errors (incl. Drama/Voice/Edit)
[edit-workbench +30.6s] PASS every screen renders in all three shell layouts without script errors (incl. Drama/Voice/Edit) (4915 ms)
[edit-workbench +30.6s] START both Edit layouts render the SAME state; preference persists
[edit-workbench +32.0s] PASS both Edit layouts render the SAME state; preference persists (1354 ms)
[edit-workbench +32.0s] START resources: LoRAs visible in Create and Edit, weight changes are structured, incompatible ones excluded
[edit-workbench +33.1s] PASS resources: LoRAs visible in Create and Edit, weight changes are structured, incompatible ones excluded (1054 ms)
[edit-workbench +33.1s] START model picker: concise, grouped, searchable
[edit-workbench +34.6s] PASS model picker: concise, grouped, searchable (1545 ms)
[edit-workbench +34.6s] START presets: per-operation, versioned, privacy-aware, legacy migrated
[edit-workbench +36.2s] PASS presets: per-operation, versioned, privacy-aware, legacy migrated (1615 ms)
[edit-workbench +36.2s] START saving off: both browser storage areas exclude current edit prompt and negative after preset save and reload
[edit-workbench +37.3s] PASS saving off: both browser storage areas exclude current edit prompt and negative after preset save and reload (1040 ms)
[edit-workbench +37.3s] START saving ON: actual browser storage retains explicitly saved preset text after reload, sessionStorage remains unused
[edit-workbench +38.8s] PASS saving ON: actual browser storage retains explicitly saved preset text after reload, sessionStorage remains unused (1515 ms)
[edit-workbench +38.8s] START Detailer dialog traps focus, closes with Escape, and restores the opener
[edit-workbench +39.9s] PASS Detailer dialog traps focus, closes with Escape, and restores the opener (1132 ms)
[edit-workbench +39.9s] START safe owned detector stall shows terminal timeout, no mask/job, and healthy retry retains image/options
[edit-workbench +42.3s] PASS safe owned detector stall shows terminal timeout, no mask/job, and healthy retry retains image/options (2438 ms)
[edit-workbench +42.3s] START Detailer keeps truthful job progress visible until the canonical result is ready
[edit-workbench +48.0s] PASS Detailer keeps truthful job progress visible until the canonical result is ready (5622 ms)
[edit-workbench +48.0s] START responsive @375px: no horizontal overflow on Create/Edit/Library
[edit-workbench +49.4s] PASS responsive @375px: no horizontal overflow on Create/Edit/Library (1484 ms)
[edit-workbench +49.4s] START responsive @768px: no horizontal overflow on Create/Edit/Library
[edit-workbench +51.2s] PASS responsive @768px: no horizontal overflow on Create/Edit/Library (1742 ms)
[edit-workbench +51.2s] START responsive @1280px: no horizontal overflow on Create/Edit/Library
[edit-workbench +52.7s] PASS responsive @1280px: no horizontal overflow on Create/Edit/Library (1472 ms)

24/24 browser checks passed
