✔ executed server finalization rejects metadata failure before success reaches consumers (2.9ms)
✖ generic server completion requires a fresh canonical receipt and releases lease on rejection (2.907ms)
ℹ tests 2
ℹ suites 0
ℹ pass 1
ℹ fail 1
ℹ cancelled 0
ℹ skipped 0
ℹ todo 0
ℹ duration_ms 142.902916

✖ failing tests:

test at operator-console/tests/server-publication-contract.test.js:19:1
✖ generic server completion requires a fresh canonical receipt and releases lease on rejection (2.907ms)
  AssertionError [ERR_ASSERTION]: legacy final-output field must receive a validated receipt
  + actual - expected
  
  + 'FAILED'
  - 'COMPLETE'
  
      at TestContext.<anonymous> (/Users/andrew/Image_Gen/operator-console/tests/server-publication-contract.test.js:37:10)
      at Test.runInAsyncScope (node:async_hooks:226:14)
      at Test.run (node:internal/test_runner/test:1402:25)
      at Test.processPendingSubtests (node:internal/test_runner/test:974:18)
      at Test.postRun (node:internal/test_runner/test:1542:19)
      at Test.run (node:internal/test_runner/test:1467:12)
      at async startSubtestAfterBootstrap (node:internal/test_runner/harness:387:3) {
    generatedMessage: false,
    code: 'ERR_ASSERTION',
    actual: 'FAILED',
    expected: 'COMPLETE',
    operator: 'strictEqual',
    diff: 'simple'
  }
