
> operator-console@1.0.0 test:browser
> node tests/browser/edit-workbench.browser.js && node tests/browser/voice-drama.browser.js

[edit-workbench +0.9s] START provenance: Edit carries the SELECTED image's parameters, not the Create form
[edit-workbench +1.8s] PASS provenance: Edit carries the SELECTED image's parameters, not the Create form (885 ms)
[edit-workbench +1.8s] START privacy on: stored prompt is recalled; different image → its own values
[edit-workbench +2.3s] PASS privacy on: stored prompt is recalled; different image → its own values (501 ms)
[edit-workbench +2.3s] START img2img: real click sends the request, shows queue/wait/real step progress, resolves the canonical result
[edit-workbench +7.8s] PASS img2img: real click sends the request, shows queue/wait/real step progress, resolves the canonical result (5471 ms)
[edit-workbench +7.8s] START failures are visible with stage + actual error; polling loss offers a safe retry
[edit-workbench +17.4s] PASS failures are visible with stage + actual error; polling loss offers a safe retry (9574 ms)
[edit-workbench +17.4s] START Run never fails silently: blocked state explains itself and click surfaces the reason
[edit-workbench +18.1s] PASS Run never fails silently: blocked state explains itself and click surfaces the reason (767 ms)
[edit-workbench +18.1s] START inpaint alignment (fx-square.png): full image at Fit, strokes land on intended source pixels, zoom/pan keep them, backend mask matches
[edit-workbench +19.2s] PASS inpaint alignment (fx-square.png): full image at Fit, strokes land on intended source pixels, zoom/pan keep them, backend mask matches (1069 ms)
[edit-workbench +19.2s] START inpaint alignment (fx-landscape.png): full image at Fit, strokes land on intended source pixels, zoom/pan keep them, backend mask matches
[edit-workbench +20.2s] PASS inpaint alignment (fx-landscape.png): full image at Fit, strokes land on intended source pixels, zoom/pan keep them, backend mask matches (1029 ms)
[edit-workbench +20.2s] START inpaint alignment (fx-portrait.png): full image at Fit, strokes land on intended source pixels, zoom/pan keep them, backend mask matches
[edit-workbench +21.2s] PASS inpaint alignment (fx-portrait.png): full image at Fit, strokes land on intended source pixels, zoom/pan keep them, backend mask matches (965 ms)
[edit-workbench +21.2s] START fullscreen: sources/results/library open the viewer; Esc closes; inpaint canvas never does
[edit-workbench +22.2s] PASS fullscreen: sources/results/library open the viewer; Esc closes; inpaint canvas never does (966 ms)
[edit-workbench +22.2s] START Create output hero image opens fullscreen
[edit-workbench +23.1s] PASS Create output hero image opens fullscreen (987 ms)
[edit-workbench +23.1s] START Detailer: preview/run use the selected targets, empty result is explained, stale preview is dropped, mask goes to inpaint untouched
[edit-workbench +25.4s] PASS Detailer: preview/run use the selected targets, empty result is explained, stale preview is dropped, mask goes to inpaint untouched (2290 ms)
[edit-workbench +25.4s] START every screen renders in all three shell layouts without script errors (incl. Drama/Voice/Edit)
[edit-workbench +30.1s] PASS every screen renders in all three shell layouts without script errors (incl. Drama/Voice/Edit) (4711 ms)
[edit-workbench +30.1s] START both Edit layouts render the SAME state; preference persists
[edit-workbench +30.9s] PASS both Edit layouts render the SAME state; preference persists (781 ms)
[edit-workbench +30.9s] START resources: LoRAs visible in Create and Edit, weight changes are structured, incompatible ones excluded
[edit-workbench +31.9s] PASS resources: LoRAs visible in Create and Edit, weight changes are structured, incompatible ones excluded (975 ms)
[edit-workbench +31.9s] START model picker: concise, grouped, searchable
[edit-workbench +32.8s] PASS model picker: concise, grouped, searchable (910 ms)
[edit-workbench +32.8s] START presets: per-operation, versioned, privacy-aware, legacy migrated
[edit-workbench +33.6s] FAIL presets: per-operation, versioned, privacy-aware, legacy migrated 
    Expected values to be strictly equal:
    
    17 !== '23'
    
[edit-workbench +33.6s] START saving off: both browser storage areas exclude current edit prompt and negative after preset save and reload
[edit-workbench +34.7s] PASS saving off: both browser storage areas exclude current edit prompt and negative after preset save and reload (1048 ms)
[edit-workbench +34.7s] START saving ON: actual browser storage retains explicitly saved preset text after reload, sessionStorage remains unused
[edit-workbench +35.6s] PASS saving ON: actual browser storage retains explicitly saved preset text after reload, sessionStorage remains unused (916 ms)
[edit-workbench +35.6s] START Detailer dialog traps focus, closes with Escape, and restores the opener
[edit-workbench +36.7s] PASS Detailer dialog traps focus, closes with Escape, and restores the opener (1135 ms)
[edit-workbench +36.7s] START safe owned detector stall shows terminal timeout, no mask/job, and healthy retry retains image/options
[edit-workbench +39.3s] PASS safe owned detector stall shows terminal timeout, no mask/job, and healthy retry retains image/options (2577 ms)
[edit-workbench +39.3s] START Detailer keeps truthful job progress visible until the canonical result is ready
[edit-workbench +44.8s] PASS Detailer keeps truthful job progress visible until the canonical result is ready (5517 ms)
[edit-workbench +44.8s] START responsive @375px: no horizontal overflow on Create/Edit/Library
[edit-workbench +46.2s] PASS responsive @375px: no horizontal overflow on Create/Edit/Library (1371 ms)
[edit-workbench +46.2s] START responsive @768px: no horizontal overflow on Create/Edit/Library
[edit-workbench +47.5s] PASS responsive @768px: no horizontal overflow on Create/Edit/Library (1259 ms)
[edit-workbench +47.5s] START responsive @1280px: no horizontal overflow on Create/Edit/Library
[edit-workbench +48.7s] PASS responsive @1280px: no horizontal overflow on Create/Edit/Library (1233 ms)

23/24 browser checks passed
