
> operator-console@1.0.0 test:browser:edit
> node tests/browser/edit-workbench.browser.js

[edit-workbench +0.4s] START provenance: Edit carries the SELECTED image's parameters, not the Create form
[edit-workbench +1.4s] PASS provenance: Edit carries the SELECTED image's parameters, not the Create form (1004 ms)
[edit-workbench +1.4s] START privacy on: stored prompt is recalled; different image → its own values
[edit-workbench +2.0s] PASS privacy on: stored prompt is recalled; different image → its own values (572 ms)
[edit-workbench +2.0s] START img2img: real click sends the request, shows queue/wait/real step progress, resolves the canonical result
[edit-workbench +7.6s] PASS img2img: real click sends the request, shows queue/wait/real step progress, resolves the canonical result (5657 ms)
[edit-workbench +7.6s] START failures are visible with stage + actual error; polling loss offers a safe retry
[edit-workbench +17.2s] PASS failures are visible with stage + actual error; polling loss offers a safe retry (9609 ms)
[edit-workbench +17.2s] START Run never fails silently: blocked state explains itself and click surfaces the reason
[edit-workbench +18.0s] PASS Run never fails silently: blocked state explains itself and click surfaces the reason (784 ms)
[edit-workbench +18.0s] START inpaint alignment (fx-square.png): full image at Fit, strokes land on intended source pixels, zoom/pan keep them, backend mask matches
[edit-workbench +19.0s] PASS inpaint alignment (fx-square.png): full image at Fit, strokes land on intended source pixels, zoom/pan keep them, backend mask matches (1018 ms)
[edit-workbench +19.0s] START inpaint alignment (fx-landscape.png): full image at Fit, strokes land on intended source pixels, zoom/pan keep them, backend mask matches
[edit-workbench +20.0s] PASS inpaint alignment (fx-landscape.png): full image at Fit, strokes land on intended source pixels, zoom/pan keep them, backend mask matches (1006 ms)
[edit-workbench +20.0s] START inpaint alignment (fx-portrait.png): full image at Fit, strokes land on intended source pixels, zoom/pan keep them, backend mask matches
[edit-workbench +21.8s] PASS inpaint alignment (fx-portrait.png): full image at Fit, strokes land on intended source pixels, zoom/pan keep them, backend mask matches (1724 ms)
[edit-workbench +21.8s] START fullscreen: sources/results/library open the viewer; Esc closes; inpaint canvas never does
[edit-workbench +23.2s] PASS fullscreen: sources/results/library open the viewer; Esc closes; inpaint canvas never does (1455 ms)
[edit-workbench +23.2s] START Create output hero image opens fullscreen
[edit-workbench +23.9s] PASS Create output hero image opens fullscreen (706 ms)
[edit-workbench +23.9s] START Detailer: preview/run use the selected targets, empty result is explained, stale preview is dropped, mask goes to inpaint untouched
[edit-workbench +25.9s] PASS Detailer: preview/run use the selected targets, empty result is explained, stale preview is dropped, mask goes to inpaint untouched (1994 ms)
[edit-workbench +25.9s] START every screen renders in all three shell layouts without script errors (incl. Drama/Voice/Edit)
[edit-workbench +30.7s] PASS every screen renders in all three shell layouts without script errors (incl. Drama/Voice/Edit) (4755 ms)
[edit-workbench +30.7s] START both Edit layouts render the SAME state; preference persists
[edit-workbench +31.5s] PASS both Edit layouts render the SAME state; preference persists (837 ms)
[edit-workbench +31.5s] START resources: LoRAs visible in Create and Edit, weight changes are structured, incompatible ones excluded
[edit-workbench +32.3s] PASS resources: LoRAs visible in Create and Edit, weight changes are structured, incompatible ones excluded (814 ms)
[edit-workbench +32.3s] START model picker: concise, grouped, searchable
[edit-workbench +32.9s] PASS model picker: concise, grouped, searchable (621 ms)
[edit-workbench +32.9s] START presets: per-operation, versioned, privacy-aware, legacy migrated
[edit-workbench +33.8s] PASS presets: per-operation, versioned, privacy-aware, legacy migrated (897 ms)
[edit-workbench +33.8s] START saving off: both browser storage areas exclude current edit prompt and negative after preset save and reload
[edit-workbench +34.8s] PASS saving off: both browser storage areas exclude current edit prompt and negative after preset save and reload (936 ms)
[edit-workbench +34.8s] START saving ON: actual browser storage retains explicitly saved preset text after reload, sessionStorage remains unused
[edit-workbench +35.6s] PASS saving ON: actual browser storage retains explicitly saved preset text after reload, sessionStorage remains unused (817 ms)
[edit-workbench +35.6s] START Detailer dialog traps focus, closes with Escape, and restores the opener
[edit-workbench +36.7s] PASS Detailer dialog traps focus, closes with Escape, and restores the opener (1111 ms)
[edit-workbench +36.7s] START safe owned detector stall shows terminal timeout, no mask/job, and healthy retry retains image/options
[edit-workbench +39.3s] PASS safe owned detector stall shows terminal timeout, no mask/job, and healthy retry retains image/options (2573 ms)
[edit-workbench +39.3s] START Detailer keeps truthful job progress visible until the canonical result is ready
[edit-workbench +44.5s] PASS Detailer keeps truthful job progress visible until the canonical result is ready (5187 ms)
[edit-workbench +44.5s] START responsive @375px: no horizontal overflow on Create/Edit/Library
[edit-workbench +45.8s] PASS responsive @375px: no horizontal overflow on Create/Edit/Library (1351 ms)
[edit-workbench +45.8s] START responsive @768px: no horizontal overflow on Create/Edit/Library
[edit-workbench +47.1s] PASS responsive @768px: no horizontal overflow on Create/Edit/Library (1240 ms)
[edit-workbench +47.1s] START responsive @1280px: no horizontal overflow on Create/Edit/Library
[edit-workbench +48.3s] PASS responsive @1280px: no horizontal overflow on Create/Edit/Library (1268 ms)

24/24 browser checks passed
