
> operator-console@1.0.0 test:browser:matrix
> node tests/browser/interaction-matrix.browser.js

V1/375x812/Create PASS 
V1/375x812/Library PASS 
V1/375x812/Batch PASS 
V1/375x812/Edit Compact PASS 
V1/375x812/Edit Studio PASS 
V1/375x812/Enhance PASS 
V1/375x812/Voice PASS 
V1/375x812/Drama PASS 
V1/375x812/Music PASS 
V1/375x812/Video PASS 
V1/375x812/Models PASS 
V1/375x812/System PASS 
V1/390x844/Create PASS 
V1/390x844/Library PASS 
V1/390x844/Batch PASS 
V1/390x844/Edit Compact PASS 
V1/390x844/Edit Studio PASS 
V1/390x844/Enhance PASS 
V1/390x844/Voice PASS 
V1/390x844/Drama PASS 
V1/390x844/Music PASS 
V1/390x844/Video PASS 
V1/390x844/Models PASS 
V1/390x844/System PASS 
V1/768x1024/Create PASS 
V1/768x1024/Library PASS 
V1/768x1024/Batch PASS 
V1/768x1024/Edit Compact PASS 
V1/768x1024/Edit Studio PASS 
V1/768x1024/Enhance PASS 
V1/768x1024/Voice PASS 
V1/768x1024/Drama PASS 
V1/768x1024/Music PASS 
V1/768x1024/Video PASS 
V1/768x1024/Models PASS 
V1/768x1024/System PASS 
V1/1280x800/Create PASS 
V1/1280x800/Library PASS 
V1/1280x800/Batch PASS 
V1/1280x800/Edit Compact PASS 
V1/1280x800/Edit Studio PASS 
V1/1280x800/Enhance PASS 
V1/1280x800/Voice PASS 
V1/1280x800/Drama PASS 
V1/1280x800/Music PASS 
V1/1280x800/Video PASS 
V1/1280x800/Models PASS 
V1/1280x800/System PASS 
V1/1440x900/Create PASS 
V1/1440x900/Library PASS 
V1/1440x900/Batch PASS 
V1/1440x900/Edit Compact PASS 
V1/1440x900/Edit Studio PASS 
V1/1440x900/Enhance PASS 
V1/1440x900/Voice PASS 
V1/1440x900/Drama PASS 
V1/1440x900/Music PASS 
V1/1440x900/Video PASS 
V1/1440x900/Models PASS 
V1/1440x900/System PASS 
V2/375x812/Create PASS 
V2/375x812/Library PASS 
V2/375x812/Batch PASS 
V2/375x812/Edit Compact PASS 
V2/375x812/Edit Studio PASS 
V2/375x812/Enhance PASS 
V2/375x812/Voice PASS 
V2/375x812/Drama PASS 
V2/375x812/Music PASS 
V2/375x812/Video PASS 
V2/375x812/Models PASS 
V2/375x812/System PASS 
V2/390x844/Create PASS 
V2/390x844/Library PASS 
V2/390x844/Batch PASS 
V2/390x844/Edit Compact PASS 
V2/390x844/Edit Studio PASS 
V2/390x844/Enhance PASS 
V2/390x844/Voice PASS 
V2/390x844/Drama PASS 
V2/390x844/Music PASS 
V2/390x844/Video PASS 
V2/390x844/Models PASS 
V2/390x844/System PASS 
V2/768x1024/Create PASS 
V2/768x1024/Library PASS 
V2/768x1024/Batch PASS 
V2/768x1024/Edit Compact PASS 
V2/768x1024/Edit Studio PASS 
V2/768x1024/Enhance PASS 
V2/768x1024/Voice PASS 
V2/768x1024/Drama PASS 
V2/768x1024/Music PASS 
V2/768x1024/Video PASS 
V2/768x1024/Models PASS 
V2/768x1024/System PASS 
V2/1280x800/Create PASS 
V2/1280x800/Library PASS 
V2/1280x800/Batch PASS 
V2/1280x800/Edit Compact PASS 
V2/1280x800/Edit Studio PASS 
V2/1280x800/Enhance PASS 
V2/1280x800/Voice PASS 
V2/1280x800/Drama PASS 
V2/1280x800/Music PASS 
V2/1280x800/Video PASS 
V2/1280x800/Models PASS 
V2/1280x800/System PASS 
V2/1440x900/Create PASS 
V2/1440x900/Library PASS 
V2/1440x900/Batch PASS 
V2/1440x900/Edit Compact PASS 
V2/1440x900/Edit Studio PASS 
V2/1440x900/Enhance PASS 
V2/1440x900/Voice PASS 
V2/1440x900/Drama PASS 
V2/1440x900/Music PASS 
V2/1440x900/Video PASS 
V2/1440x900/Models PASS 
V2/1440x900/System PASS 
V3/375x812/Create PASS 
V3/375x812/Library PASS 
V3/375x812/Batch PASS 
V3/375x812/Edit Compact PASS 
V3/375x812/Edit Studio PASS 
V3/375x812/Enhance PASS 
V3/375x812/Voice PASS 
V3/375x812/Drama PASS 
V3/375x812/Music PASS 
V3/375x812/Video PASS 
V3/375x812/Models PASS 
V3/375x812/System PASS 
V3/390x844/Create PASS 
V3/390x844/Library PASS 
V3/390x844/Batch PASS 
V3/390x844/Edit Compact PASS 
V3/390x844/Edit Studio PASS 
V3/390x844/Enhance PASS 
V3/390x844/Voice PASS 
V3/390x844/Drama PASS 
V3/390x844/Music PASS 
V3/390x844/Video PASS 
V3/390x844/Models PASS 
V3/390x844/System PASS 
V3/768x1024/Create PASS 
V3/768x1024/Library PASS 
V3/768x1024/Batch PASS 
V3/768x1024/Edit Compact PASS 
V3/768x1024/Edit Studio PASS 
V3/768x1024/Enhance PASS 
V3/768x1024/Voice PASS 
V3/768x1024/Drama PASS 
V3/768x1024/Music PASS 
V3/768x1024/Video PASS 
V3/768x1024/Models PASS 
V3/768x1024/System PASS 
V3/1280x800/Create PASS 
V3/1280x800/Library PASS 
V3/1280x800/Batch PASS 
V3/1280x800/Edit Compact PASS 
V3/1280x800/Edit Studio PASS 
V3/1280x800/Enhance PASS 
V3/1280x800/Voice PASS 
V3/1280x800/Drama PASS 
V3/1280x800/Music PASS 
V3/1280x800/Video PASS 
V3/1280x800/Models PASS 
V3/1280x800/System PASS 
V3/1440x900/Create PASS 
V3/1440x900/Library PASS 
V3/1440x900/Batch PASS 
V3/1440x900/Edit Compact PASS 
V3/1440x900/Edit Studio PASS 
V3/1440x900/Enhance PASS 
V3/1440x900/Voice PASS 
V3/1440x900/Drama PASS 
V3/1440x900/Music PASS 
V3/1440x900/Video PASS 
V3/1440x900/Models PASS 
V3/1440x900/System PASS 
