
> operator-console@1.0.0 test:browser:edit
> node tests/browser/edit-workbench.browser.js

[edit-workbench +5.3s] START provenance: Edit carries the SELECTED image's parameters, not the Create form
[edit-workbench +8.4s] PASS provenance: Edit carries the SELECTED image's parameters, not the Create form (3140 ms)
[edit-workbench +8.4s] START privacy on: stored prompt is recalled; different image → its own values
[edit-workbench +9.3s] PASS privacy on: stored prompt is recalled; different image → its own values (887 ms)
[edit-workbench +9.3s] START img2img: real click sends the request, shows queue/wait/real step progress, resolves the canonical result
[edit-workbench +15.0s] PASS img2img: real click sends the request, shows queue/wait/real step progress, resolves the canonical result (5655 ms)
[edit-workbench +15.0s] START failures are visible with stage + actual error; polling loss offers a safe retry
[edit-workbench +24.5s] PASS failures are visible with stage + actual error; polling loss offers a safe retry (9539 ms)
[edit-workbench +24.5s] START Run never fails silently: blocked state explains itself and click surfaces the reason
[edit-workbench +25.6s] PASS Run never fails silently: blocked state explains itself and click surfaces the reason (1110 ms)
[edit-workbench +25.6s] START inpaint alignment (fx-square.png): full image at Fit, strokes land on intended source pixels, zoom/pan keep them, backend mask matches
[edit-workbench +28.2s] PASS inpaint alignment (fx-square.png): full image at Fit, strokes land on intended source pixels, zoom/pan keep them, backend mask matches (2543 ms)
[edit-workbench +28.2s] START inpaint alignment (fx-landscape.png): full image at Fit, strokes land on intended source pixels, zoom/pan keep them, backend mask matches
[edit-workbench +30.5s] PASS inpaint alignment (fx-landscape.png): full image at Fit, strokes land on intended source pixels, zoom/pan keep them, backend mask matches (2370 ms)
[edit-workbench +30.5s] START inpaint alignment (fx-portrait.png): full image at Fit, strokes land on intended source pixels, zoom/pan keep them, backend mask matches
[edit-workbench +32.0s] PASS inpaint alignment (fx-portrait.png): full image at Fit, strokes land on intended source pixels, zoom/pan keep them, backend mask matches (1431 ms)
[edit-workbench +32.0s] START fullscreen: sources/results/library open the viewer; Esc closes; inpaint canvas never does
[edit-workbench +33.4s] PASS fullscreen: sources/results/library open the viewer; Esc closes; inpaint canvas never does (1423 ms)
[edit-workbench +33.4s] START Create output hero image opens fullscreen
[edit-workbench +34.6s] PASS Create output hero image opens fullscreen (1195 ms)
[edit-workbench +34.6s] START Detailer: preview/run use the selected targets, empty result is explained, stale preview is dropped, mask goes to inpaint untouched
[edit-workbench +37.0s] PASS Detailer: preview/run use the selected targets, empty result is explained, stale preview is dropped, mask goes to inpaint untouched (2403 ms)
[edit-workbench +37.0s] START every screen renders in all three shell layouts without script errors (incl. Drama/Voice/Edit)
[edit-workbench +41.9s] PASS every screen renders in all three shell layouts without script errors (incl. Drama/Voice/Edit) (4953 ms)
[edit-workbench +41.9s] START both Edit layouts render the SAME state; preference persists
[edit-workbench +43.4s] PASS both Edit layouts render the SAME state; preference persists (1491 ms)
[edit-workbench +43.4s] START resources: LoRAs visible in Create and Edit, weight changes are structured, incompatible ones excluded
[edit-workbench +44.4s] PASS resources: LoRAs visible in Create and Edit, weight changes are structured, incompatible ones excluded (922 ms)
[edit-workbench +44.4s] START model picker: concise, grouped, searchable
[edit-workbench +45.2s] PASS model picker: concise, grouped, searchable (817 ms)
[edit-workbench +45.2s] START presets: per-operation, versioned, privacy-aware, legacy migrated
[edit-workbench +46.2s] PASS presets: per-operation, versioned, privacy-aware, legacy migrated (1053 ms)
[edit-workbench +46.2s] START saving off: both browser storage areas exclude current edit prompt and negative after preset save and reload
[edit-workbench +47.3s] PASS saving off: both browser storage areas exclude current edit prompt and negative after preset save and reload (1079 ms)
[edit-workbench +47.3s] START saving ON: actual browser storage retains explicitly saved preset text after reload, sessionStorage remains unused
[edit-workbench +49.2s] PASS saving ON: actual browser storage retains explicitly saved preset text after reload, sessionStorage remains unused (1855 ms)
[edit-workbench +49.2s] START Detailer dialog traps focus, closes with Escape, and restores the opener
[edit-workbench +50.5s] PASS Detailer dialog traps focus, closes with Escape, and restores the opener (1292 ms)
[edit-workbench +50.5s] START safe owned detector stall shows terminal timeout, no mask/job, and healthy retry retains image/options
[edit-workbench +53.2s] PASS safe owned detector stall shows terminal timeout, no mask/job, and healthy retry retains image/options (2764 ms)
[edit-workbench +53.2s] START Detailer keeps truthful job progress visible until the canonical result is ready
[edit-workbench +58.7s] PASS Detailer keeps truthful job progress visible until the canonical result is ready (5462 ms)
[edit-workbench +58.7s] START responsive @375px: no horizontal overflow on Create/Edit/Library
[edit-workbench +64.3s] PASS responsive @375px: no horizontal overflow on Create/Edit/Library (5605 ms)
[edit-workbench +64.3s] START responsive @768px: no horizontal overflow on Create/Edit/Library
[edit-workbench +65.9s] PASS responsive @768px: no horizontal overflow on Create/Edit/Library (1663 ms)
[edit-workbench +65.9s] START responsive @1280px: no horizontal overflow on Create/Edit/Library
[edit-workbench +67.7s] PASS responsive @1280px: no horizontal overflow on Create/Edit/Library (1716 ms)

24/24 browser checks passed
